// Jest Snapshot v1, https://goo.gl/fbAQLP

exports[`Header matches snapshot 1`] = `
<div
  className="sc-bdVaJa eFTkEE"
>
  <div
    className="sc-bwzfXH kaIhcG"
  >
    <div
      className="sc-htpNat eMvqjo"
    >
      <h1>
        Session Details
      </h1>
    </div>
    <div
      className="sc-bxivhb buwnwm"
    />
  </div>
  <div
    className="sc-ifAKCX bbevxC"
  >
    <div
      className="sc-EHOje bdUdO"
    >
      <div
        className="sc-bZQynM jkbpEq"
      >
        <div
          className="sc-dnqmqq fEwpeR"
        >
          Date
        </div>
        <div
          className="sc-iwsKbI cqvfrA"
        >
          01/01/1970
        </div>
      </div>
      <div
        className="sc-bZQynM jkbpEq"
      >
        <div
          className="sc-dnqmqq fEwpeR"
        >
          Type
        </div>
        <div
          className="sc-iwsKbI cqvfrA"
        >
          1
        </div>
      </div>
      <div
        className="sc-bZQynM jkbpEq"
      >
        <div
          className="sc-dnqmqq fEwpeR"
        >
          Attendees
        </div>
        <div
          className="sc-iwsKbI cqvfrA"
        >
          10
        </div>
      </div>
    </div>
    <div
      className="sc-gZMcBi jtcjKm"
    >
      <div
        className="sc-kAzzGY atmIv"
      >
        <div
          className="sc-gqjmRU cUKnWR"
        >
          <div
            className="sc-gzVnrw bdhGJd"
          >
            <div
              className="sc-htoDjs kJlkIW"
            >
              <div
                className="sc-fjdhpX iSGqbN"
              >
                Survey
                <span
                  className="sc-jTzLTM fpMWXz"
                >
                  1
                </span>
                Link
              </div>
              <div
                className="sc-jzJRlG fKWoAn"
              >
                <i
                  className="fas fa-info-circle"
                />
                <span
                  className="sc-VigVT ggREBR"
                >
                  info
                </span>
              </div>
              <copyLink>
                <button
                  className="sc-eNQAEJ bDDHfj"
                  onClick={[Function]}
                >
                  <i
                    className="far fa-clone"
                  />
                  <span
                    className="sc-VigVT ggREBR"
                  >
                    copy
                  </span>
                </button>
              </copyLink>
            </div>
            <a
              className="sc-chPdSV gTdovi"
              href="123"
            >
              123
            </a>
            <button
              className="sc-hMqMXs fsgMg"
            >
              <a
                aria-current={null}
                className="sc-kEYyzF fybXxD"
                href="/session/details/undefined/1"
                onClick={[Function]}
              >
                 Survey Results 
              </a>
            </button>
          </div>
          <div
            className="sc-gzVnrw bdhGJd"
          >
            <div
              className="sc-htoDjs kJlkIW"
            >
              <div
                className="sc-fjdhpX iSGqbN"
              >
                Survey
                <span
                  className="sc-jTzLTM fpMWXz"
                >
                  1
                </span>
                Link
              </div>
              <div
                className="sc-jzJRlG fKWoAn"
              >
                <i
                  className="fas fa-info-circle"
                />
                <span
                  className="sc-VigVT ggREBR"
                >
                  info
                </span>
              </div>
              <copyLink>
                <button
                  className="sc-eNQAEJ bDDHfj"
                  onClick={[Function]}
                >
                  <i
                    className="far fa-clone"
                  />
                  <span
                    className="sc-VigVT ggREBR"
                  >
                    copy
                  </span>
                </button>
              </copyLink>
            </div>
            <a
              className="sc-chPdSV gTdovi"
              href="123"
            >
              http:connectsjhfszipuyfg
            </a>
            <button
              className="sc-hMqMXs fsgMg"
            >
              <a
                aria-current={null}
                className="sc-kEYyzF fybXxD"
                href="/session/details/undefined/1"
                onClick={[Function]}
              >
                 Survey Results 
              </a>
            </button>
          </div>
        </div>
      </div>
    </div>
  </div>
  <div
    className="sc-kGXeez hRHuQG"
  >
    <div
      className="sc-kpOJdX ieBFuD"
    >
      <button
        className="sc-dxgOiQ gdmtJj"
        onClick={[Function]}
        type="button"
      >
        <i
          className="far fa-edit sc-ckVGcZ hmqegJ"
        />
      </button>
      <span
        className="sc-jKJlTe elrnkI"
      >
        edit session
      </span>
    </div>
    <div
      className="sc-kpOJdX ieBFuD"
    >
      <button
        className="sc-dxgOiQ gdmtJj"
        onClick={[Function]}
        type="button"
      >
        <i
          className="fas fa-trash-alt sc-ckVGcZ hmqegJ"
        />
      </button>
      <span
        className="sc-jKJlTe elrnkI"
      >
        delete session
      </span>
    </div>
  </div>
</div>
`;
