// Jest Snapshot v1, https://goo.gl/fbAQLP

exports[`Header matches snapshot 1`] = `
<div
  className="sc-bdVaJa fQEtqg"
>
  <div
    className="sc-bwzfXH cQUfqX"
  >
    <div
      className="sc-htpNat cEuftn"
    >
      <h1>
        Session Details
      </h1>
    </div>
    <div
      className="sc-bxivhb ovXZF"
    />
  </div>
  <div
    className="sc-ifAKCX bctwdS"
  >
    <div
      className="sc-EHOje bdUdO"
    >
      <div
        className="sc-bZQynM jkbpEq"
      >
        <div
          className="sc-gzVnrw iYcnAa"
        >
          Date
        </div>
        <div
          className="sc-htoDjs qfODK"
        >
          01/01/1970
        </div>
      </div>
      <div
        className="sc-bZQynM jkbpEq"
      >
        <div
          className="sc-gzVnrw iYcnAa"
        >
          Type
        </div>
        <div
          className="sc-htoDjs qfODK"
        >
          1
        </div>
      </div>
      <div
        className="sc-bZQynM jkbpEq"
      >
        <div
          className="sc-gzVnrw iYcnAa"
        >
          Attendee
        </div>
        <div
          className="sc-htoDjs qfODK"
        >
          10
        </div>
      </div>
    </div>
    <div
      className="sc-dnqmqq coFIU"
    >
      <div
        className="sc-iwsKbI edkAqG"
      >
        <div
          className="sc-gqjmRU jxHkFa"
        >
          Survey
          1
          Link
        </div>
        <div
          className="sc-VigVT FrKLX"
        >
          <i
            className="fas fa-info-circle"
          />
          <span
            className="sc-gZMcBi iebefm"
          >
            info
          </span>
        </div>
        <div
          className="sc-VigVT FrKLX"
        >
          <i
            className="far fa-clone"
          />
          <span
            className="sc-gZMcBi iebefm"
          >
            copy
          </span>
        </div>
      </div>
      <div
        className="sc-jTzLTM loWeSC"
      >
        <div
          className="sc-dxgOiQ ibPSak"
        >
          <a
            className="sc-fjdhpX kiIIjC"
            href="sessionDetails.surveyURL1"
          >
            123
          </a>
          <a
            className="sc-fjdhpX kiIIjC"
            href="sessionDetails.surveyURL2"
          >
            123
          </a>
        </div>
      </div>
      <div
        className="sc-jzJRlG iwFcxN"
      >
        <button
          className="sc-cSHVUG gusGZN"
        >
          View Servey Results
        </button>
      </div>
    </div>
  </div>
  <div
    className="sc-kAzzGY cJFEus"
  >
    <div
      className="sc-chPdSV dxNFWQ"
    >
      <button
        className="sc-kgoBCf bZaKjA"
        type="button"
      >
        <i
          className="far fa-edit sc-kGXeez bbdQPk"
        />
      </button>
      <span
        className="sc-kpOJdX kuUvAl"
      >
        edit session
      </span>
    </div>
    <div
      className="sc-chPdSV dxNFWQ"
    >
      <button
        className="sc-kgoBCf bZaKjA"
        onClick={[Function]}
        type="button"
      >
        <i
          className="fas fa-trash-alt sc-kGXeez bbdQPk"
        />
      </button>
      <span
        className="sc-kpOJdX kuUvAl"
      >
        delete session
      </span>
    </div>
  </div>
</div>
`;
