// Jest Snapshot v1, https://goo.gl/fbAQLP

exports[`LandingPage matches snapshot 1`] = `
<div
  className="sc-bdVaJa hTNkow"
>
  <div
    className="sc-bwzfXH kZOeZF"
  />
  <div
    className="sc-htpNat fdQmhJ"
  >
    <h1
      className="sc-bxivhb dlDjaX"
    >
      CONNECT 5
    </h1>
    <p
      className="sc-ifAKCX cJGtUA"
    >
      Connect 5 has been developed to give frontline staff the confidence to have more effective conversations with the public about their mental health and wellbeing
    </p>
  </div>
  <a
    className="sc-EHOje haoTq"
    href="/trainer"
    onClick={[Function]}
  >
    I’m a Connect 5 Trainer
  </a>
  <a
    className="sc-EHOje haoTq"
    href="/about-us"
    onClick={[Function]}
  >
    Learn about Connect 5
  </a>
</div>
`;
