// Jest Snapshot v1, https://goo.gl/fbAQLP

exports[`snapshot for 'OverviewResults' layout 1`] = `
<div
  className="sc-bwzfXH jJtBdi"
>
  <span>
    <h1
      className="sc-htpNat kqLiDf"
    >
      Overview Results 
    </h1>
  </span>
  <div
    className="sc-bxivhb gnsIuN"
  >
    <div
      className="sc-ifAKCX mbVNo"
    >
      <button
        className="sc-EHOje kGZfxh"
        name="attendance"
        onClick={[Function]}
      >
        Attendance
      </button>
      <button
        className="sc-EHOje fMghwS"
        name="responses"
        onClick={[Function]}
      >
        Responses
      </button>
    </div>
    <div
      className="sc-bZQynM ifpLOs"
    >
      <div
        className="sc-gzVnrw dOqhgu"
      >
        <div
          className="sc-htoDjs gscSDV"
        >
          <span
            className="sc-iwsKbI jQhHGA"
          >
            0
          </span>
        </div>
        <span
          className="sc-dnqmqq DaDRR"
        >
          Session 1
        </span>
      </div>
      <div
        className="sc-gzVnrw dOqhgu"
      >
        <div
          className="sc-htoDjs gscSDV"
        >
          <span
            className="sc-iwsKbI jQhHGA"
          >
            0
          </span>
        </div>
        <span
          className="sc-dnqmqq DaDRR"
        >
          Session 2 
        </span>
      </div>
      <div
        className="sc-gzVnrw dOqhgu"
      >
        <div
          className="sc-htoDjs gscSDV"
        >
          <span
            className="sc-iwsKbI jQhHGA"
          >
            0
          </span>
        </div>
        <span
          className="sc-dnqmqq DaDRR"
        >
          Session 3
        </span>
      </div>
    </div>
  </div>
  <h5
    className="sc-gZMcBi giNnHm"
  >
    Responses
  </h5>
</div>
`;
