// Jest Snapshot v1, https://goo.gl/fbAQLP

exports[`snapshot for 'OverviewResults' layout 1`] = `
<div
  className="sc-bwzfXH gMHSsl"
>
  <span>
    <h1
      className="sc-htpNat gCowZa"
    >
      Overview Results 
    </h1>
  </span>
  <div
    className="sc-bxivhb hpvpuf"
  >
    <div
      className="sc-ifAKCX jEPAMp"
    >
      <button
        className="sc-EHOje geSHOh"
        name="attendance"
        onClick={[Function]}
      >
        Attendance
      </button>
      <button
        className="sc-EHOje dYbbg"
        name="responses"
        onClick={[Function]}
      >
        Responses
      </button>
    </div>
    <div
      className="sc-bZQynM bSnEZl"
    >
      <div
        className="sc-gzVnrw dOqhgu"
      >
        <div
          className="sc-htoDjs iObFNo"
        >
          <span
            className="sc-iwsKbI jQhHGA"
          >
            0
          </span>
        </div>
        <span
          className="sc-dnqmqq DaDRR"
        >
          Session 1
        </span>
      </div>
      <div
        className="sc-gzVnrw dOqhgu"
      >
        <div
          className="sc-htoDjs iObFNo"
        >
          <span
            className="sc-iwsKbI jQhHGA"
          >
            0
          </span>
        </div>
        <span
          className="sc-dnqmqq DaDRR"
        >
          Session 2 
        </span>
      </div>
      <div
        className="sc-gzVnrw dOqhgu"
      >
        <div
          className="sc-htoDjs iObFNo"
        >
          <span
            className="sc-iwsKbI jQhHGA"
          >
            0
          </span>
        </div>
        <span
          className="sc-dnqmqq DaDRR"
        >
          Session 3
        </span>
      </div>
    </div>
  </div>
  <h3
    className="sc-gZMcBi giNnHm"
  >
    Responses:
  </h3>
</div>
`;
