// Jest Snapshot v1, https://goo.gl/fbAQLP

exports[`Header matches snapshot 1`] = `
<div
  className="sc-bxivhb RWzGw"
>
  <div
    className="sc-bdVaJa iFrhpa"
  >
    <a
      href="/"
      onClick={[Function]}
    >
      <i
        className="fas fa-home sc-bwzfXH LBneQ"
      />
    </a>
    <img
      alt="Logo"
      className="sc-htpNat gFDNQJ"
      src="connect5_logo_main.jpg"
    />
  </div>
  <h1
    className="sc-ifAKCX hMdYXU"
  >
    Welcome
  </h1>
  <h1
    className="sc-ifAKCX hMdYXU"
  >
    Connect 5 Trainer
  </h1>
  <p
    className="sc-EHOje jNjPuC"
  >
    Lorem ipsum dolor sit amet, consectetur adipiscing elit, sed do eiusmod tempor incididunt ut labore et dolore magna aliquaUt co laboris nisi ut aliquip ex ea commodo consequat.
  </p>
  <a
    className="sc-bZQynM ickhtK"
    href="/trainer/register"
    onClick={[Function]}
  >
    Sign up
  </a>
  <a
    className="sc-bZQynM ickhtK"
    href="/trainer/login"
    onClick={[Function]}
  >
    Login
  </a>
</div>
`;
