// Jest Snapshot v1, https://goo.gl/fbAQLP

exports[`Header matches snapshot 1`] = `
<div
  className="sc-bdVaJa dJMkdb"
>
  <h1
    className="sc-bwzfXH OsXWH"
  >
    Welcome
  </h1>
  <h1
    className="sc-bwzfXH OsXWH"
  >
    Connect 5 Trainer
  </h1>
  <p
    className="sc-htpNat eDNKDL"
  >
    Lorem ipsum dolor sit amet, consectetur adipiscing elit, sed do eiusmod tempor incididunt ut labore et dolore magna aliquaUt co laboris nisi ut aliquip ex ea commodo consequat.
  </p>
  <a
    className="sc-bxivhb ckLoXo"
    href="/trainer/register"
    onClick={[Function]}
  >
    Sign up
  </a>
  <a
    className="sc-bxivhb ckLoXo"
    href="/trainer/login"
    onClick={[Function]}
  >
    Login
  </a>
</div>
`;
