// Jest Snapshot v1, https://goo.gl/fbAQLP

exports[`snapshot for 'OverallResults' layout 1`] = `
<div
  className="sc-bdVaJa fIAUCv"
>
  <div
    className="sc-gZMcBi VIFGE"
  >
    <h1
      className="sc-bwzfXH dZCpGN"
    >
      Session Details
    </h1>
  </div>
  <div
    className="sc-htpNat rqoCe"
  >
    <button
      className="sc-bxivhb hFsRiX"
      name="overall"
      onClick={[Function]}
    >
      Overall Results
    </button>
    <button
      className="sc-bxivhb kVBIuy"
      name="individual"
      onClick={[Function]}
    >
      Individual Responses
    </button>
  </div>
  <div>
    <div
      className="sc-ifAKCX gVwUCl"
    >
      <p
        className="sc-EHOje hKuwFc"
      >
        <span
          className="sc-bZQynM kYemYx"
        >
          Number of Replies:
        </span>
         
        (out of
         
         
        )
      </p>
      <p
        className="sc-EHOje hKuwFc"
      >
        <span
          className="sc-bZQynM kYemYx"
        >
          Completion Rate:
        </span>
        NaN
        %
      </p>
    </div>
    <h3
      className="sc-gzVnrw gdyVTx"
    >
      Responses
    </h3>
  </div>
</div>
`;

exports[`snapshot for 'SessionResults' layout 1`] = `
<div
  className="sc-bdVaJa fIAUCv"
>
  <div
    className="sc-gZMcBi VIFGE"
  >
    <h1
      className="sc-bwzfXH dZCpGN"
    >
      Session Details
    </h1>
  </div>
  <div
    className="sc-htpNat rqoCe"
  >
    <button
      className="sc-bxivhb hFsRiX"
      name="overall"
      onClick={[Function]}
    >
      Overall Results
    </button>
    <button
      className="sc-bxivhb kVBIuy"
      name="individual"
      onClick={[Function]}
    >
      Individual Responses
    </button>
  </div>
  <div>
    <div
      className="sc-ifAKCX gVwUCl"
    >
      <p
        className="sc-EHOje hKuwFc"
      >
        <span
          className="sc-bZQynM kYemYx"
        >
          Number of Replies:
        </span>
         
        (out of
         
         
        )
      </p>
      <p
        className="sc-EHOje hKuwFc"
      >
        <span
          className="sc-bZQynM kYemYx"
        >
          Completion Rate:
        </span>
        NaN
        %
      </p>
    </div>
    <h3
      className="sc-gzVnrw gdyVTx"
    >
      Responses
    </h3>
  </div>
</div>
`;
