// Jest Snapshot v1, https://goo.gl/fbAQLP

exports[`Login matches snapshot 1`] = `
<div
  className="sc-gzVnrw dISuYG"
>
  <div
    className="sc-bxivhb uyAvB"
  >
    <img
      alt="Logo"
      className="sc-bZQynM fSermK"
      src="connect5_logo_main.jpg"
    />
    <div
      className="sc-EHOje eLNQHg"
    >
      <a
        href="/"
        onClick={[Function]}
      >
        <i
          className="fas fa-home sc-ifAKCX kOjVaV"
        />
      </a>
    </div>
  </div>
  <h1
    className="sc-htoDjs cdAxsH"
  >
    Trainer Login
  </h1>
  <form
    className="sc-dnqmqq ktjXzu"
    noValidate={true}
    onSubmit={[Function]}
  >
    <input
      className="sc-iwsKbI hRxcEO"
      name="email"
      onChange={[Function]}
      placeholder="Email Address"
      type="email"
      value=""
    />
    <input
      className="sc-iwsKbI hRxcEO"
      name="password"
      onChange={[Function]}
      placeholder="Password"
      type="password"
      value=""
    />
    <input
      className="sc-iwsKbI hRxcEO"
      type="submit"
    />
  </form>
</div>
`;
