// Jest Snapshot v1, https://goo.gl/fbAQLP

exports[`Register matches snapshot 1`] = `
<div
  className="sc-bdVaJa igwPHD"
>
  <h1
    className="sc-bwzfXH dlvvLL"
  >
    Create Your Account
  </h1>
  <form
    className="sc-htpNat fpqVLn"
    noValidate={true}
    onSubmit={[Function]}
  >
    <input
      className="sc-bxivhb lnZpdN"
      name="firstName"
      onChange={[Function]}
      placeholder="First Name"
      type="text"
      value=""
    />
    <input
      className="sc-bxivhb lnZpdN"
      name="lastName"
      onChange={[Function]}
      placeholder="Last Name"
      type="text"
      value=""
    />
     
    <input
      className="sc-bxivhb lnZpdN"
      name="email"
      onChange={[Function]}
      placeholder="Email Address"
      type="email"
      value=""
    />
    <input
      className="sc-bxivhb lnZpdN"
      name="password"
      onChange={[Function]}
      placeholder="Password"
      type="password"
      value=""
    />
    <input
      className="sc-bxivhb lnZpdN"
      name="password2"
      onChange={[Function]}
      placeholder="Confirm Password"
      type="password"
      value=""
    />
    <input
      className="sc-bxivhb lnZpdN"
      type="submit"
    />
  </form>
</div>
`;
